// Jest Snapshot v1, https://goo.gl/fbAQLP

exports[`About should take a snapshot 1`] = `
<DocumentFragment>
  <div
    class="container"
  >
    <h5>
      About Us
    </h5>
    <p>
      This Application show the book list with add and delete functionality.
    </p>
  </div>
</DocumentFragment>
`;
