// Jest Snapshot v1, https://goo.gl/fbAQLP

exports[`About should take a snapshot 1`] = `
<DocumentFragment>
  <div
    class="container"
  >
    <h5>
      Contact Us
    </h5>
    <p>
      This Application show the book list with add and delete functionality.
    </p>
    <div
      class="divider"
    />
    <h6>
      Address:
    </h6>
    <ul>
      <li>
        2020 C2FO
      </li>
      <li>
        Noida
      </li>
    </ul>
  </div>
</DocumentFragment>
`;

exports[`Contact should take a snapshot 1`] = `
<DocumentFragment>
  <div
    class="container"
  >
    <h5>
      Contact Us
    </h5>
    <p>
      This Application show the book list with add and delete functionality.
    </p>
    <div
      class="divider"
    />
    <h6>
      Address:
    </h6>
    <ul>
      <li>
        2020 C2FO
      </li>
      <li>
        Noida
      </li>
    </ul>
  </div>
</DocumentFragment>
`;
